__main__ - DEBUG - sucessful watchlist get request for user: majkelos3
__main__ - ERROR - watchlist get request ended with code: 403
__main__ - DEBUG - sucessful watchlist get request for user: majkelos3
__main__ - DEBUG - sucessful watchlist get request for user: majkelos3
__main__ - DEBUG - sucessful film get request for user: /film/grave-of-the-fireflies/
__main__ - ERROR - watchlist get request ended with code: 403
__main__ - ERROR - watchlist get request ended with code: 403
18:30:1776450618 __main__ - ERROR - watchlist get request ended with code: 403
18:31:37 __main__ - DEBUG - sucessful watchlist get request for user: majkelos3
18:31:37 __main__ - DEBUG - sucessful film get request for film: /film/grave-of-the-fireflies/
18:31:37 __main__ - DEBUG - sucessful film get request for film: /film/parasite/
18:31:37 __main__ - DEBUG - sucessful film get request for film: /film/interstellar/
18:31:37 __main__ - DEBUG - sucessful film get request for film: /film/fight-club/
18:31:37 __main__ - DEBUG - sucessful film get request for film: /film/inception/
18:33:15 __main__ - ERROR - watchlist get request ended with code: 403
18:39:42 __main__ - DEBUG - sucessful watchlist get request for user: majkelos3
18:39:42 __main__ - DEBUG - sucessful film get request for film: /film/grave-of-the-fireflies/
18:39:42 __main__ - DEBUG - sucessful film get request for film: /film/grave-of-the-fireflies/
18:39:42 __main__ - DEBUG - sucessful film get request for film: /film/parasite/
18:39:42 __main__ - DEBUG - sucessful film get request for film: /film/parasite/
18:39:42 __main__ - DEBUG - sucessful film get request for film: /film/interstellar/
18:39:42 __main__ - DEBUG - sucessful film get request for film: /film/interstellar/
18:39:42 __main__ - DEBUG - sucessful film get request for film: /film/fight-club/
18:39:42 __main__ - DEBUG - sucessful film get request for film: /film/fight-club/
18:39:42 __main__ - DEBUG - sucessful film get request for film: /film/inception/
18:39:42 __main__ - DEBUG - sucessful film get request for film: /film/inception/
18:47:35 __main__ - DEBUG - sucessful watchlist get request for user: majkelos3
18:47:35 __main__ - DEBUG - sucessful film get request for film: /film/grave-of-the-fireflies/
18:47:35 __main__ - DEBUG - sucessful film get request for film: /film/grave-of-the-fireflies/
18:47:35 __main__ - DEBUG - sucessful film get request for film: /film/parasite/
18:47:35 __main__ - DEBUG - sucessful film get request for film: /film/parasite/
18:47:35 __main__ - DEBUG - sucessful film get request for film: /film/interstellar/
18:47:35 __main__ - DEBUG - sucessful film get request for film: /film/interstellar/
18:47:35 __main__ - DEBUG - sucessful film get request for film: /film/fight-club/
18:47:35 __main__ - DEBUG - sucessful film get request for film: /film/fight-club/
18:47:35 __main__ - DEBUG - sucessful film get request for film: /film/inception/
18:47:35 __main__ - DEBUG - sucessful film get request for film: /film/inception/
20:52:10 __main__ - DEBUG - sucessful watchlist get request for user: majkelos3
20:52:10 __main__ - DEBUG - sucessful film get request for film: /film/grave-of-the-fireflies/
20:52:10 __main__ - DEBUG - sucessful film get request for film: /film/grave-of-the-fireflies/
20:52:10 __main__ - DEBUG - sucessful film get request for film: /film/parasite/
20:52:10 __main__ - DEBUG - sucessful film get request for film: /film/parasite/
20:52:10 __main__ - DEBUG - sucessful film get request for film: /film/interstellar/
20:52:10 __main__ - DEBUG - sucessful film get request for film: /film/interstellar/
20:52:10 __main__ - DEBUG - sucessful film get request for film: /film/fight-club/
20:52:10 __main__ - DEBUG - sucessful film get request for film: /film/fight-club/
20:52:10 __main__ - DEBUG - sucessful film get request for film: /film/inception/
20:52:10 __main__ - DEBUG - sucessful film get request for film: /film/inception/
20:53:39 __main__ - ERROR - watchlist get request ended with code: 403
20:53:42 __main__ - ERROR - watchlist get request ended with code: 403
20:53:43 __main__ - DEBUG - sucessful watchlist get request for user: majkelos3
20:53:43 __main__ - DEBUG - sucessful film get request for film: /film/grave-of-the-fireflies/
20:53:43 __main__ - DEBUG - sucessful film get request for film: /film/grave-of-the-fireflies/
20:53:43 __main__ - DEBUG - sucessful film get request for film: /film/parasite/
20:53:43 __main__ - DEBUG - sucessful film get request for film: /film/parasite/
20:53:43 __main__ - DEBUG - sucessful film get request for film: /film/interstellar/
20:53:43 __main__ - DEBUG - sucessful film get request for film: /film/interstellar/
20:53:43 __main__ - DEBUG - sucessful film get request for film: /film/fight-club/
20:53:43 __main__ - DEBUG - sucessful film get request for film: /film/fight-club/
20:53:43 __main__ - DEBUG - sucessful film get request for film: /film/inception/
20:53:43 __main__ - DEBUG - sucessful film get request for film: /film/inception/
20:54:07 __main__ - ERROR - watchlist get request ended with code: 403
20:54:20 __main__ - DEBUG - sucessful watchlist get request for user: majkelos3
20:54:20 __main__ - DEBUG - sucessful film get request for film: /film/grave-of-the-fireflies/
20:54:20 __main__ - DEBUG - sucessful film get request for film: /film/grave-of-the-fireflies/
20:54:20 __main__ - DEBUG - sucessful film get request for film: /film/parasite/
20:54:20 __main__ - DEBUG - sucessful film get request for film: /film/parasite/
20:54:20 __main__ - DEBUG - sucessful film get request for film: /film/interstellar/
20:54:20 __main__ - DEBUG - sucessful film get request for film: /film/interstellar/
20:54:20 __main__ - DEBUG - sucessful film get request for film: /film/fight-club/
20:54:20 __main__ - DEBUG - sucessful film get request for film: /film/fight-club/
20:54:20 __main__ - DEBUG - sucessful film get request for film: /film/inception/
20:54:20 __main__ - DEBUG - sucessful film get request for film: /film/inception/
20:56:22 __main__ - ERROR - watchlist get request ended with code: 403
20:56:22 __main__ - DEBUG - sucessful watchlist get request for user: majkelos3
20:56:22 __main__ - DEBUG - sucessful film get request for film: /film/grave-of-the-fireflies/
21:03:34 __main__ - ERROR - watchlist get request ended with code: 403
21:03:34 __main__ - DEBUG - sucessful watchlist get request for user: majkelos3
21:03:34 __main__ - DEBUG - sucessful film get request for film: /film/grave-of-the-fireflies/
21:04:39 __main__ - ERROR - watchlist get request ended with code: 403
21:04:39 __main__ - DEBUG - sucessful watchlist get request for user: majkelos3
21:04:39 __main__ - DEBUG - sucessful film get request for film: /film/grave-of-the-fireflies/
21:04:39 __main__ - DEBUG - sucessful film get request for film: /film/parasite/
21:04:39 __main__ - DEBUG - sucessful film get request for film: /film/interstellar/
21:04:39 __main__ - DEBUG - sucessful film get request for film: /film/fight-club/
21:04:39 __main__ - DEBUG - sucessful film get request for film: /film/inception/
21:04:47 __main__ - DEBUG - sucessful watchlist get request for user: majkelos3
21:04:47 __main__ - DEBUG - sucessful film get request for film: /film/grave-of-the-fireflies/
21:04:47 __main__ - DEBUG - sucessful film get request for film: /film/parasite/
21:04:47 __main__ - DEBUG - sucessful film get request for film: /film/interstellar/
21:04:47 __main__ - DEBUG - sucessful film get request for film: /film/fight-club/
21:04:47 __main__ - DEBUG - sucessful film get request for film: /film/inception/
21:05:23 __main__ - ERROR - watchlist get request ended with code: 403
21:05:23 __main__ - DEBUG - sucessful watchlist get request for user: majkelos3
21:05:23 __main__ - DEBUG - sucessful film get request for film: /film/grave-of-the-fireflies/
21:05:23 __main__ - DEBUG - sucessful film get request for film: /film/parasite/
21:05:23 __main__ - DEBUG - sucessful film get request for film: /film/interstellar/
21:05:23 __main__ - DEBUG - sucessful film get request for film: /film/fight-club/
21:05:23 __main__ - DEBUG - sucessful film get request for film: /film/inception/
21:05:29 __main__ - DEBUG - sucessful watchlist get request for user: majkelos3
21:05:29 __main__ - DEBUG - sucessful film get request for film: /film/grave-of-the-fireflies/
21:05:29 __main__ - DEBUG - sucessful film get request for film: /film/parasite/
21:05:29 __main__ - DEBUG - sucessful film get request for film: /film/interstellar/
21:05:29 __main__ - DEBUG - sucessful film get request for film: /film/fight-club/
21:05:29 __main__ - DEBUG - sucessful film get request for film: /film/inception/
21:05:44 __main__ - ERROR - watchlist get request ended with code: 403
21:05:44 __main__ - DEBUG - sucessful watchlist get request for user: majkelos3
21:05:44 __main__ - DEBUG - sucessful film get request for film: /film/grave-of-the-fireflies/
21:05:44 __main__ - DEBUG - sucessful film get request for film: /film/parasite/
21:05:44 __main__ - DEBUG - sucessful film get request for film: /film/interstellar/
21:05:44 __main__ - DEBUG - sucessful film get request for film: /film/fight-club/
21:05:44 __main__ - DEBUG - sucessful film get request for film: /film/inception/
21:06:13 __main__ - DEBUG - sucessful watchlist get request for user: majkelos3
21:06:13 __main__ - DEBUG - sucessful film get request for film: /film/grave-of-the-fireflies/
21:06:13 __main__ - DEBUG - sucessful film get request for film: /film/parasite/
21:06:13 __main__ - DEBUG - sucessful film get request for film: /film/interstellar/
21:06:13 __main__ - DEBUG - sucessful film get request for film: /film/fight-club/
21:06:13 __main__ - DEBUG - sucessful film get request for film: /film/inception/
21:06:21 __main__ - DEBUG - sucessful watchlist get request for user: majkelos3
21:06:21 __main__ - DEBUG - sucessful film get request for film: /film/grave-of-the-fireflies/
21:06:21 __main__ - DEBUG - sucessful film get request for film: /film/parasite/
21:06:21 __main__ - DEBUG - sucessful film get request for film: /film/interstellar/
21:06:21 __main__ - DEBUG - sucessful film get request for film: /film/fight-club/
21:06:21 __main__ - DEBUG - sucessful film get request for film: /film/inception/
21:06:53 __main__ - DEBUG - sucessful watchlist get request for user: majkelos3
21:06:53 __main__ - DEBUG - sucessful film get request for film: /film/grave-of-the-fireflies/
21:06:53 __main__ - DEBUG - sucessful film get request for film: /film/parasite/
21:06:53 __main__ - DEBUG - sucessful film get request for film: /film/interstellar/
21:06:53 __main__ - DEBUG - sucessful film get request for film: /film/fight-club/
21:06:53 __main__ - DEBUG - sucessful film get request for film: /film/inception/
21:08:49 __main__ - ERROR - watchlist get request ended with code: 403
21:08:49 __main__ - DEBUG - sucessful watchlist get request for user: majkelos3
21:08:49 __main__ - DEBUG - sucessful film get request for film: /film/grave-of-the-fireflies/
21:08:49 __main__ - DEBUG - sucessful film get request for film: /film/parasite/
21:08:49 __main__ - DEBUG - sucessful film get request for film: /film/interstellar/
21:08:49 __main__ - DEBUG - sucessful film get request for film: /film/fight-club/
21:08:49 __main__ - DEBUG - sucessful film get request for film: /film/inception/
21:08:49 __main__ - DEBUG - sucessful film get request for film: /film/the-godfather/
21:08:49 __main__ - DEBUG - sucessful film get request for film: /film/the-godfather-part-ii/
21:08:49 __main__ - DEBUG - sucessful film get request for film: /film/pulp-fiction/
21:08:49 __main__ - DEBUG - sucessful film get request for film: /film/the-dark-knight/
21:08:49 __main__ - DEBUG - sucessful film get request for film: /film/forrest-gump/
21:08:49 __main__ - DEBUG - sucessful film get request for film: /film/shutter-island/
21:08:49 __main__ - DEBUG - sucessful film get request for film: /film/the-matrix/
21:08:49 __main__ - DEBUG - sucessful film get request for film: /film/se7en/
21:08:49 __main__ - DEBUG - sucessful film get request for film: /film/whiplash/
21:08:49 __main__ - DEBUG - sucessful film get request for film: /film/parasite-2019/
21:08:49 __main__ - DEBUG - sucessful film get request for film: /film/dune-2021/
21:08:49 __main__ - DEBUG - sucessful film get request for film: /film/dune-part-two/
21:08:49 __main__ - DEBUG - sucessful film get request for film: /film/spirited-away/
21:08:49 __main__ - DEBUG - sucessful film get request for film: /film/your-name/
21:08:49 __main__ - DEBUG - sucessful film get request for film: /film/oldboy/
21:08:49 __main__ - DEBUG - sucessful film get request for film: /film/american-psycho/
21:08:49 __main__ - DEBUG - sucessful film get request for film: /film/whiplash/
21:08:49 __main__ - ERROR - film get request ended with code: 404
21:08:49 __main__ - DEBUG - sucessful film get request for film: /film/it-s-a-wonderful-life/
21:08:49 __main__ - ERROR - film get request ended with code: 404
21:08:49 __main__ - DEBUG - sucessful film get request for film: /film/it-s-a-wonderful-life/
21:08:49 __main__ - DEBUG - sucessful film get request for film: /film/whiplash/
21:08:49 __main__ - DEBUG - sucessful film get request for film: /film/the-social-network/
21:08:49 __main__ - DEBUG - sucessful film get request for film: /film/gladiator/
21:08:49 __main__ - DEBUG - sucessful film get request for film: /film/whiplash/
21:08:49 __main__ - DEBUG - sucessful film get request for film: /film/joker/
21:08:49 __main__ - DEBUG - sucessful film get request for film: /film/avengers-endgame/
21:08:49 __main__ - DEBUG - sucessful film get request for film: /film/the-lord-of-the-rings-the-fellowship-of-the-ring/
21:08:49 __main__ - DEBUG - sucessful film get request for film: /film/the-lord-of-the-rings-the-two-towers/
21:08:49 __main__ - DEBUG - sucessful film get request for film: /film/the-lord-of-the-rings-the-return-of-the-king/
21:08:49 __main__ - DEBUG - sucessful film get request for film: /film/harry-potter-and-the-prisoner-of-azkaban/
21:08:49 __main__ - DEBUG - sucessful film get request for film: /film/harry-potter-and-the-goblet-of-fire/
21:08:49 __main__ - DEBUG - sucessful film get request for film: /film/harry-potter-and-the-deathly-hallows-part-2/
21:08:49 __main__ - DEBUG - sucessful film get request for film: /film/the-shining/
21:08:49 __main__ - DEBUG - sucessful film get request for film: /film/alien/
21:08:49 __main__ - DEBUG - sucessful film get request for film: /film/blade-runner-2049/
21:10:14 __main__ - DEBUG - sucessful watchlist get request for user: majkelos3
21:10:14 __main__ - DEBUG - sucessful film get request for film: /film/grave-of-the-fireflies/
21:10:14 __main__ - DEBUG - sucessful film get request for film: /film/parasite/
21:10:14 __main__ - DEBUG - sucessful film get request for film: /film/interstellar/
21:10:14 __main__ - DEBUG - sucessful film get request for film: /film/fight-club/
21:10:14 __main__ - DEBUG - sucessful film get request for film: /film/inception/
21:10:14 __main__ - DEBUG - sucessful film get request for film: /film/the-godfather/
21:10:14 __main__ - DEBUG - sucessful film get request for film: /film/the-godfather-part-ii/
21:10:14 __main__ - DEBUG - sucessful film get request for film: /film/pulp-fiction/
21:10:14 __main__ - DEBUG - sucessful film get request for film: /film/the-dark-knight/
21:10:14 __main__ - DEBUG - sucessful film get request for film: /film/forrest-gump/
21:10:14 __main__ - DEBUG - sucessful film get request for film: /film/shutter-island/
21:10:14 __main__ - DEBUG - sucessful film get request for film: /film/the-matrix/
21:10:14 __main__ - DEBUG - sucessful film get request for film: /film/se7en/
21:10:14 __main__ - DEBUG - sucessful film get request for film: /film/whiplash/
21:10:14 __main__ - DEBUG - sucessful film get request for film: /film/parasite-2019/
21:10:14 __main__ - DEBUG - sucessful film get request for film: /film/dune-2021/
21:10:14 __main__ - DEBUG - sucessful film get request for film: /film/dune-part-two/
21:10:14 __main__ - DEBUG - sucessful film get request for film: /film/spirited-away/
21:10:14 __main__ - DEBUG - sucessful film get request for film: /film/your-name/
21:10:14 __main__ - DEBUG - sucessful film get request for film: /film/oldboy/
21:10:14 __main__ - DEBUG - sucessful film get request for film: /film/american-psycho/
21:10:14 __main__ - DEBUG - sucessful film get request for film: /film/whiplash/
21:10:14 __main__ - ERROR - film get request ended with code: 404 for movie: /film/it-s-a-wonderful-life/
21:10:14 __main__ - DEBUG - sucessful film get request for film: /film/it-s-a-wonderful-life/
21:10:14 __main__ - ERROR - film get request ended with code: 404 for movie: /film/it-s-a-wonderful-life/
21:10:14 __main__ - DEBUG - sucessful film get request for film: /film/it-s-a-wonderful-life/
21:10:14 __main__ - DEBUG - sucessful film get request for film: /film/whiplash/
21:10:14 __main__ - DEBUG - sucessful film get request for film: /film/the-social-network/
21:10:14 __main__ - DEBUG - sucessful film get request for film: /film/gladiator/
21:10:14 __main__ - DEBUG - sucessful film get request for film: /film/whiplash/
21:10:14 __main__ - DEBUG - sucessful film get request for film: /film/joker/
21:10:14 __main__ - DEBUG - sucessful film get request for film: /film/avengers-endgame/
21:10:14 __main__ - DEBUG - sucessful film get request for film: /film/the-lord-of-the-rings-the-fellowship-of-the-ring/
21:10:14 __main__ - DEBUG - sucessful film get request for film: /film/the-lord-of-the-rings-the-two-towers/
21:10:14 __main__ - DEBUG - sucessful film get request for film: /film/the-lord-of-the-rings-the-return-of-the-king/
21:10:14 __main__ - DEBUG - sucessful film get request for film: /film/harry-potter-and-the-prisoner-of-azkaban/
21:10:14 __main__ - DEBUG - sucessful film get request for film: /film/harry-potter-and-the-goblet-of-fire/
21:10:14 __main__ - DEBUG - sucessful film get request for film: /film/harry-potter-and-the-deathly-hallows-part-2/
21:10:14 __main__ - DEBUG - sucessful film get request for film: /film/the-shining/
21:10:14 __main__ - DEBUG - sucessful film get request for film: /film/alien/
21:10:14 __main__ - DEBUG - sucessful film get request for film: /film/blade-runner-2049/
21:12:42 __main__ - ERROR - watchlist get request ended with code: 403 for user: majkelos3
21:12:42 __main__ - DEBUG - sucessful watchlist get request for user: majkelos3
21:12:42 __main__ - DEBUG - sucessful film get request for film: /film/grave-of-the-fireflies/
21:12:42 __main__ - DEBUG - sucessful film get request for film: /film/parasite/
21:12:42 __main__ - DEBUG - sucessful film get request for film: /film/interstellar/
21:12:42 __main__ - DEBUG - sucessful film get request for film: /film/fight-club/
21:12:42 __main__ - DEBUG - sucessful film get request for film: /film/inception/
21:12:42 __main__ - DEBUG - sucessful film get request for film: /film/the-godfather/
21:12:42 __main__ - DEBUG - sucessful film get request for film: /film/the-godfather-part-ii/
21:12:42 __main__ - DEBUG - sucessful film get request for film: /film/pulp-fiction/
21:12:42 __main__ - DEBUG - sucessful film get request for film: /film/the-dark-knight/
21:12:42 __main__ - DEBUG - sucessful film get request for film: /film/forrest-gump/
21:12:42 __main__ - DEBUG - sucessful film get request for film: /film/shutter-island/
21:12:42 __main__ - DEBUG - sucessful film get request for film: /film/the-matrix/
21:12:42 __main__ - DEBUG - sucessful film get request for film: /film/se7en/
21:12:42 __main__ - DEBUG - sucessful film get request for film: /film/whiplash/
21:12:42 __main__ - DEBUG - sucessful film get request for film: /film/parasite-2019/
21:12:42 __main__ - DEBUG - sucessful film get request for film: /film/dune-2021/
21:12:42 __main__ - DEBUG - sucessful film get request for film: /film/dune-part-two/
21:12:42 __main__ - DEBUG - sucessful film get request for film: /film/spirited-away/
21:12:42 __main__ - DEBUG - sucessful film get request for film: /film/your-name/
21:12:42 __main__ - DEBUG - sucessful film get request for film: /film/oldboy/
21:12:42 __main__ - DEBUG - sucessful film get request for film: /film/american-psycho/
21:12:42 __main__ - DEBUG - sucessful film get request for film: /film/whiplash/
21:12:42 __main__ - DEBUG - sucessful film get request for film: /film/its-a-wonderful-life/
21:12:42 __main__ - DEBUG - sucessful film get request for film: /film/whiplash/
21:12:42 __main__ - DEBUG - sucessful film get request for film: /film/the-social-network/
21:12:42 __main__ - DEBUG - sucessful film get request for film: /film/gladiator/
21:12:42 __main__ - DEBUG - sucessful film get request for film: /film/whiplash/
21:12:42 __main__ - DEBUG - sucessful film get request for film: /film/joker/
21:12:42 __main__ - DEBUG - sucessful film get request for film: /film/avengers-endgame/
21:12:42 __main__ - DEBUG - sucessful film get request for film: /film/the-lord-of-the-rings-the-fellowship-of-the-ring/
21:12:42 __main__ - DEBUG - sucessful film get request for film: /film/the-lord-of-the-rings-the-two-towers/
21:12:42 __main__ - DEBUG - sucessful film get request for film: /film/the-lord-of-the-rings-the-return-of-the-king/
21:12:42 __main__ - DEBUG - sucessful film get request for film: /film/harry-potter-and-the-prisoner-of-azkaban/
21:12:42 __main__ - DEBUG - sucessful film get request for film: /film/harry-potter-and-the-goblet-of-fire/
21:12:42 __main__ - DEBUG - sucessful film get request for film: /film/harry-potter-and-the-deathly-hallows-part-2/
21:12:42 __main__ - DEBUG - sucessful film get request for film: /film/the-shining/
21:12:42 __main__ - DEBUG - sucessful film get request for film: /film/alien/
21:12:42 __main__ - DEBUG - sucessful film get request for film: /film/blade-runner-2049/
21:17:23 __main__ - ERROR - watchlist get request ended with code: 403 for user: majkelos3
21:17:23 __main__ - DEBUG - sucessful watchlist get request for user: majkelos3
21:17:23 __main__ - DEBUG - sucessful film get request for film: /film/grave-of-the-fireflies/
21:17:23 __main__ - DEBUG - sucessful film get request for film: /film/parasite/
21:17:23 __main__ - DEBUG - sucessful film get request for film: /film/interstellar/
21:17:23 __main__ - DEBUG - sucessful film get request for film: /film/fight-club/
21:17:23 __main__ - DEBUG - sucessful film get request for film: /film/inception/
21:17:23 __main__ - DEBUG - sucessful film get request for film: /film/the-godfather/
21:17:23 __main__ - DEBUG - sucessful film get request for film: /film/the-godfather-part-ii/
21:17:23 __main__ - DEBUG - sucessful film get request for film: /film/pulp-fiction/
21:17:23 __main__ - DEBUG - sucessful film get request for film: /film/the-dark-knight/
21:17:23 __main__ - DEBUG - sucessful film get request for film: /film/forrest-gump/
21:17:23 __main__ - DEBUG - sucessful film get request for film: /film/shutter-island/
21:17:23 __main__ - DEBUG - sucessful film get request for film: /film/the-matrix/
21:17:23 __main__ - DEBUG - sucessful film get request for film: /film/se7en/
21:17:23 __main__ - DEBUG - sucessful film get request for film: /film/whiplash/
21:17:23 __main__ - DEBUG - sucessful film get request for film: /film/parasite-2019/
21:17:23 __main__ - DEBUG - sucessful film get request for film: /film/dune-2021/
21:17:23 __main__ - DEBUG - sucessful film get request for film: /film/dune-part-two/
21:17:23 __main__ - DEBUG - sucessful film get request for film: /film/spirited-away/
21:17:23 __main__ - DEBUG - sucessful film get request for film: /film/your-name/
21:17:23 __main__ - DEBUG - sucessful film get request for film: /film/oldboy/
21:17:23 __main__ - DEBUG - sucessful film get request for film: /film/american-psycho/
21:17:23 __main__ - DEBUG - sucessful film get request for film: /film/whiplash/
21:17:23 __main__ - DEBUG - sucessful film get request for film: /film/its-a-wonderful-life/
21:17:23 __main__ - DEBUG - sucessful film get request for film: /film/whiplash/
21:17:23 __main__ - DEBUG - sucessful film get request for film: /film/the-social-network/
21:17:23 __main__ - DEBUG - sucessful film get request for film: /film/gladiator/
21:17:23 __main__ - DEBUG - sucessful film get request for film: /film/whiplash/
21:17:23 __main__ - DEBUG - sucessful film get request for film: /film/joker/
21:17:23 __main__ - DEBUG - sucessful film get request for film: /film/avengers-endgame/
21:17:23 __main__ - DEBUG - sucessful film get request for film: /film/the-lord-of-the-rings-the-fellowship-of-the-ring/
21:17:23 __main__ - DEBUG - sucessful film get request for film: /film/the-lord-of-the-rings-the-two-towers/
21:17:23 __main__ - DEBUG - sucessful film get request for film: /film/the-lord-of-the-rings-the-return-of-the-king/
21:17:23 __main__ - DEBUG - sucessful film get request for film: /film/harry-potter-and-the-prisoner-of-azkaban/
21:17:23 __main__ - DEBUG - sucessful film get request for film: /film/harry-potter-and-the-goblet-of-fire/
21:17:23 __main__ - DEBUG - sucessful film get request for film: /film/harry-potter-and-the-deathly-hallows-part-2/
21:17:23 __main__ - DEBUG - sucessful film get request for film: /film/the-shining/
21:17:23 __main__ - DEBUG - sucessful film get request for film: /film/alien/
21:17:23 __main__ - DEBUG - sucessful film get request for film: /film/blade-runner-2049/
21:18:07 __main__ - DEBUG - sucessful watchlist get request for user: majkelos3
21:18:07 __main__ - DEBUG - sucessful film get request for film: /film/grave-of-the-fireflies/
21:18:07 __main__ - DEBUG - sucessful film get request for film: /film/parasite/
21:18:07 __main__ - DEBUG - sucessful film get request for film: /film/interstellar/
21:18:07 __main__ - DEBUG - sucessful film get request for film: /film/fight-club/
21:18:07 __main__ - DEBUG - sucessful film get request for film: /film/inception/
21:18:07 __main__ - DEBUG - sucessful film get request for film: /film/the-godfather/
21:18:07 __main__ - DEBUG - sucessful film get request for film: /film/the-godfather-part-ii/
21:18:07 __main__ - DEBUG - sucessful film get request for film: /film/pulp-fiction/
21:18:07 __main__ - DEBUG - sucessful film get request for film: /film/the-dark-knight/
21:18:07 __main__ - DEBUG - sucessful film get request for film: /film/forrest-gump/
21:18:07 __main__ - DEBUG - sucessful film get request for film: /film/shutter-island/
21:18:07 __main__ - DEBUG - sucessful film get request for film: /film/the-matrix/
21:18:07 __main__ - DEBUG - sucessful film get request for film: /film/se7en/
21:18:07 __main__ - DEBUG - sucessful film get request for film: /film/whiplash/
21:18:07 __main__ - DEBUG - sucessful film get request for film: /film/parasite-2019/
21:18:07 __main__ - DEBUG - sucessful film get request for film: /film/dune-2021/
21:18:07 __main__ - DEBUG - sucessful film get request for film: /film/dune-part-two/
21:18:07 __main__ - DEBUG - sucessful film get request for film: /film/spirited-away/
21:18:07 __main__ - DEBUG - sucessful film get request for film: /film/your-name/
21:18:07 __main__ - DEBUG - sucessful film get request for film: /film/oldboy/
21:18:07 __main__ - DEBUG - sucessful film get request for film: /film/american-psycho/
21:18:07 __main__ - DEBUG - sucessful film get request for film: /film/whiplash/
21:18:07 __main__ - DEBUG - sucessful film get request for film: /film/its-a-wonderful-life/
21:18:07 __main__ - DEBUG - sucessful film get request for film: /film/whiplash/
21:18:07 __main__ - DEBUG - sucessful film get request for film: /film/the-social-network/
21:18:07 __main__ - DEBUG - sucessful film get request for film: /film/gladiator/
21:18:07 __main__ - DEBUG - sucessful film get request for film: /film/whiplash/
21:18:07 __main__ - DEBUG - sucessful film get request for film: /film/joker/
21:18:07 __main__ - DEBUG - sucessful film get request for film: /film/avengers-endgame/
21:18:07 __main__ - DEBUG - sucessful film get request for film: /film/the-lord-of-the-rings-the-fellowship-of-the-ring/
21:18:07 __main__ - DEBUG - sucessful film get request for film: /film/the-lord-of-the-rings-the-two-towers/
21:18:07 __main__ - DEBUG - sucessful film get request for film: /film/the-lord-of-the-rings-the-return-of-the-king/
21:18:07 __main__ - DEBUG - sucessful film get request for film: /film/harry-potter-and-the-prisoner-of-azkaban/
21:18:07 __main__ - DEBUG - sucessful film get request for film: /film/harry-potter-and-the-goblet-of-fire/
21:18:07 __main__ - DEBUG - sucessful film get request for film: /film/harry-potter-and-the-deathly-hallows-part-2/
21:18:07 __main__ - DEBUG - sucessful film get request for film: /film/the-shining/
21:18:07 __main__ - DEBUG - sucessful film get request for film: /film/alien/
21:18:07 __main__ - DEBUG - sucessful film get request for film: /film/blade-runner-2049/
21:23:42 __main__ - ERROR - watchlist get request ended with code: 403 for user: majkelos3
21:23:42 __main__ - DEBUG - sucessful watchlist get request for user: majkelos3
21:23:42 __main__ - DEBUG - sucessful film get request for film: /film/grave-of-the-fireflies/
21:24:03 __main__ - ERROR - watchlist get request ended with code: 403 for user: majkelos3
21:24:03 __main__ - DEBUG - sucessful watchlist get request for user: majkelos3
21:24:03 __main__ - DEBUG - sucessful film get request for film: /film/grave-of-the-fireflies/
21:24:03 __main__ - DEBUG - sucessful film get request for film: /film/parasite/
21:24:03 __main__ - DEBUG - sucessful film get request for film: /film/interstellar/
21:24:03 __main__ - DEBUG - sucessful film get request for film: /film/fight-club/
21:24:03 __main__ - DEBUG - sucessful film get request for film: /film/inception/
21:24:03 __main__ - DEBUG - sucessful film get request for film: /film/the-godfather/
21:24:03 __main__ - DEBUG - sucessful film get request for film: /film/the-godfather-part-ii/
21:24:03 __main__ - DEBUG - sucessful film get request for film: /film/pulp-fiction/
21:24:03 __main__ - DEBUG - sucessful film get request for film: /film/the-dark-knight/
21:24:03 __main__ - DEBUG - sucessful film get request for film: /film/forrest-gump/
21:24:03 __main__ - DEBUG - sucessful film get request for film: /film/shutter-island/
21:24:03 __main__ - DEBUG - sucessful film get request for film: /film/the-matrix/
21:24:03 __main__ - DEBUG - sucessful film get request for film: /film/se7en/
21:24:03 __main__ - DEBUG - sucessful film get request for film: /film/whiplash/
21:24:03 __main__ - DEBUG - sucessful film get request for film: /film/parasite-2019/
21:24:03 __main__ - DEBUG - sucessful film get request for film: /film/dune-2021/
21:24:03 __main__ - DEBUG - sucessful film get request for film: /film/dune-part-two/
21:24:03 __main__ - DEBUG - sucessful film get request for film: /film/spirited-away/
21:24:03 __main__ - DEBUG - sucessful film get request for film: /film/your-name/
21:24:03 __main__ - DEBUG - sucessful film get request for film: /film/oldboy/
21:24:03 __main__ - DEBUG - sucessful film get request for film: /film/american-psycho/
21:24:03 __main__ - DEBUG - sucessful film get request for film: /film/whiplash/
21:24:03 __main__ - DEBUG - sucessful film get request for film: /film/its-a-wonderful-life/
21:24:03 __main__ - DEBUG - sucessful film get request for film: /film/whiplash/
21:24:03 __main__ - DEBUG - sucessful film get request for film: /film/the-social-network/
21:24:03 __main__ - DEBUG - sucessful film get request for film: /film/gladiator/
21:24:03 __main__ - DEBUG - sucessful film get request for film: /film/whiplash/
21:24:03 __main__ - DEBUG - sucessful film get request for film: /film/joker/
21:24:03 __main__ - DEBUG - sucessful film get request for film: /film/avengers-endgame/
21:24:03 __main__ - DEBUG - sucessful film get request for film: /film/the-lord-of-the-rings-the-fellowship-of-the-ring/
21:24:03 __main__ - DEBUG - sucessful film get request for film: /film/the-lord-of-the-rings-the-two-towers/
21:24:03 __main__ - DEBUG - sucessful film get request for film: /film/the-lord-of-the-rings-the-return-of-the-king/
21:24:03 __main__ - DEBUG - sucessful film get request for film: /film/harry-potter-and-the-prisoner-of-azkaban/
21:24:03 __main__ - DEBUG - sucessful film get request for film: /film/harry-potter-and-the-goblet-of-fire/
21:24:03 __main__ - DEBUG - sucessful film get request for film: /film/harry-potter-and-the-deathly-hallows-part-2/
21:24:03 __main__ - DEBUG - sucessful film get request for film: /film/the-shining/
21:24:03 __main__ - DEBUG - sucessful film get request for film: /film/alien/
21:24:03 __main__ - DEBUG - sucessful film get request for film: /film/blade-runner-2049/
21:24:57 __main__ - ERROR - watchlist get request ended with code: 403 for user: majkelos3
21:24:57 __main__ - DEBUG - sucessful watchlist get request for user: majkelos3
21:24:57 __main__ - DEBUG - sucessful film get request for film: /film/grave-of-the-fireflies/
21:24:57 __main__ - DEBUG - sucessful film get request for film: /film/parasite/
21:24:57 __main__ - DEBUG - sucessful film get request for film: /film/interstellar/
21:24:57 __main__ - DEBUG - sucessful film get request for film: /film/fight-club/
21:24:57 __main__ - DEBUG - sucessful film get request for film: /film/inception/
21:24:57 __main__ - DEBUG - sucessful film get request for film: /film/the-godfather/
21:24:57 __main__ - DEBUG - sucessful film get request for film: /film/the-godfather-part-ii/
21:24:57 __main__ - DEBUG - sucessful film get request for film: /film/pulp-fiction/
21:24:57 __main__ - DEBUG - sucessful film get request for film: /film/the-dark-knight/
21:24:57 __main__ - DEBUG - sucessful film get request for film: /film/forrest-gump/
21:24:57 __main__ - DEBUG - sucessful film get request for film: /film/shutter-island/
21:24:57 __main__ - DEBUG - sucessful film get request for film: /film/the-matrix/
21:24:57 __main__ - DEBUG - sucessful film get request for film: /film/se7en/
21:24:57 __main__ - DEBUG - sucessful film get request for film: /film/whiplash/
21:24:57 __main__ - DEBUG - sucessful film get request for film: /film/parasite-2019/
21:24:57 __main__ - DEBUG - sucessful film get request for film: /film/dune-2021/
21:24:57 __main__ - DEBUG - sucessful film get request for film: /film/dune-part-two/
21:24:57 __main__ - DEBUG - sucessful film get request for film: /film/spirited-away/
21:24:57 __main__ - DEBUG - sucessful film get request for film: /film/your-name/
21:24:57 __main__ - DEBUG - sucessful film get request for film: /film/oldboy/
21:24:57 __main__ - DEBUG - sucessful film get request for film: /film/american-psycho/
21:24:57 __main__ - DEBUG - sucessful film get request for film: /film/whiplash/
21:24:57 __main__ - DEBUG - sucessful film get request for film: /film/its-a-wonderful-life/
21:24:57 __main__ - DEBUG - sucessful film get request for film: /film/whiplash/
21:24:57 __main__ - DEBUG - sucessful film get request for film: /film/the-social-network/
21:24:57 __main__ - DEBUG - sucessful film get request for film: /film/gladiator/
21:24:57 __main__ - DEBUG - sucessful film get request for film: /film/whiplash/
21:24:57 __main__ - DEBUG - sucessful film get request for film: /film/joker/
21:24:57 __main__ - DEBUG - sucessful film get request for film: /film/avengers-endgame/
21:24:57 __main__ - DEBUG - sucessful film get request for film: /film/the-lord-of-the-rings-the-fellowship-of-the-ring/
21:24:57 __main__ - DEBUG - sucessful film get request for film: /film/the-lord-of-the-rings-the-two-towers/
21:24:57 __main__ - DEBUG - sucessful film get request for film: /film/the-lord-of-the-rings-the-return-of-the-king/
21:24:57 __main__ - DEBUG - sucessful film get request for film: /film/harry-potter-and-the-prisoner-of-azkaban/
21:24:57 __main__ - DEBUG - sucessful film get request for film: /film/harry-potter-and-the-goblet-of-fire/
21:24:57 __main__ - DEBUG - sucessful film get request for film: /film/harry-potter-and-the-deathly-hallows-part-2/
21:24:57 __main__ - DEBUG - sucessful film get request for film: /film/the-shining/
21:24:57 __main__ - DEBUG - sucessful film get request for film: /film/alien/
21:24:57 __main__ - DEBUG - sucessful film get request for film: /film/blade-runner-2049/
21:39:45 __main__ - DEBUG - sucessful watchlist get request for user: majkelos3
21:39:45 __main__ - DEBUG - sucessful film get request for film: /film/grave-of-the-fireflies/
21:39:45 __main__ - DEBUG - sucessful film get request for film: /film/parasite/
21:39:45 __main__ - DEBUG - sucessful film get request for film: /film/interstellar/
21:39:45 __main__ - DEBUG - sucessful film get request for film: /film/fight-club/
21:39:45 __main__ - DEBUG - sucessful film get request for film: /film/inception/
21:39:45 __main__ - DEBUG - sucessful film get request for film: /film/the-godfather/
21:39:45 __main__ - DEBUG - sucessful film get request for film: /film/the-godfather-part-ii/
21:39:45 __main__ - DEBUG - sucessful film get request for film: /film/pulp-fiction/
21:39:45 __main__ - DEBUG - sucessful film get request for film: /film/the-dark-knight/
21:39:45 __main__ - DEBUG - sucessful film get request for film: /film/forrest-gump/
21:39:45 __main__ - DEBUG - sucessful film get request for film: /film/shutter-island/
21:39:45 __main__ - DEBUG - sucessful film get request for film: /film/the-matrix/
21:39:45 __main__ - DEBUG - sucessful film get request for film: /film/se7en/
21:39:45 __main__ - DEBUG - sucessful film get request for film: /film/whiplash/
21:39:45 __main__ - DEBUG - sucessful film get request for film: /film/parasite-2019/
21:39:45 __main__ - DEBUG - sucessful film get request for film: /film/dune-2021/
21:39:45 __main__ - DEBUG - sucessful film get request for film: /film/dune-part-two/
21:39:45 __main__ - DEBUG - sucessful film get request for film: /film/spirited-away/
21:39:45 __main__ - DEBUG - sucessful film get request for film: /film/your-name/
21:39:45 __main__ - DEBUG - sucessful film get request for film: /film/oldboy/
21:39:45 __main__ - DEBUG - sucessful film get request for film: /film/american-psycho/
21:39:45 __main__ - DEBUG - sucessful film get request for film: /film/whiplash/
21:39:45 __main__ - DEBUG - sucessful film get request for film: /film/its-a-wonderful-life/
21:39:45 __main__ - DEBUG - sucessful film get request for film: /film/whiplash/
21:39:45 __main__ - DEBUG - sucessful film get request for film: /film/the-social-network/
21:39:45 __main__ - DEBUG - sucessful film get request for film: /film/gladiator/
21:39:45 __main__ - DEBUG - sucessful film get request for film: /film/whiplash/
21:39:45 __main__ - DEBUG - sucessful film get request for film: /film/joker/
21:39:45 __main__ - DEBUG - sucessful film get request for film: /film/avengers-endgame/
21:39:45 __main__ - DEBUG - sucessful film get request for film: /film/the-lord-of-the-rings-the-fellowship-of-the-ring/
21:39:45 __main__ - DEBUG - sucessful film get request for film: /film/the-lord-of-the-rings-the-two-towers/
21:39:45 __main__ - DEBUG - sucessful film get request for film: /film/the-lord-of-the-rings-the-return-of-the-king/
21:39:45 __main__ - DEBUG - sucessful film get request for film: /film/harry-potter-and-the-prisoner-of-azkaban/
21:39:45 __main__ - DEBUG - sucessful film get request for film: /film/harry-potter-and-the-goblet-of-fire/
21:39:45 __main__ - DEBUG - sucessful film get request for film: /film/harry-potter-and-the-deathly-hallows-part-2/
21:39:45 __main__ - DEBUG - sucessful film get request for film: /film/the-shining/
21:39:45 __main__ - DEBUG - sucessful film get request for film: /film/alien/
21:39:45 __main__ - DEBUG - sucessful film get request for film: /film/blade-runner-2049/
21:40:37 __main__ - ERROR - watchlist get request ended with code: 403 for user: majkelos3
21:40:37 __main__ - DEBUG - sucessful watchlist get request for user: majkelos3
21:40:37 __main__ - DEBUG - sucessful film get request for film: /film/grave-of-the-fireflies/
21:40:37 __main__ - DEBUG - sucessful film get request for film: /film/parasite/
21:40:37 __main__ - DEBUG - sucessful film get request for film: /film/interstellar/
21:40:37 __main__ - DEBUG - sucessful film get request for film: /film/fight-club/
21:40:37 __main__ - DEBUG - sucessful film get request for film: /film/inception/
21:40:37 __main__ - DEBUG - sucessful film get request for film: /film/the-godfather/
21:40:37 __main__ - DEBUG - sucessful film get request for film: /film/the-godfather-part-ii/
21:40:37 __main__ - DEBUG - sucessful film get request for film: /film/pulp-fiction/
21:40:37 __main__ - DEBUG - sucessful film get request for film: /film/the-dark-knight/
21:40:43 __main__ - DEBUG - sucessful watchlist get request for user: majkelos3
21:40:43 __main__ - DEBUG - sucessful film get request for film: /film/grave-of-the-fireflies/
21:40:43 __main__ - DEBUG - sucessful film get request for film: /film/parasite/
21:40:43 __main__ - DEBUG - sucessful film get request for film: /film/interstellar/
21:40:43 __main__ - DEBUG - sucessful film get request for film: /film/fight-club/
21:40:43 __main__ - DEBUG - sucessful film get request for film: /film/inception/
21:40:43 __main__ - DEBUG - sucessful film get request for film: /film/the-godfather/
21:40:43 __main__ - DEBUG - sucessful film get request for film: /film/the-godfather-part-ii/
21:40:43 __main__ - DEBUG - sucessful film get request for film: /film/pulp-fiction/
21:40:43 __main__ - DEBUG - sucessful film get request for film: /film/the-dark-knight/
21:40:43 __main__ - DEBUG - sucessful film get request for film: /film/forrest-gump/
21:40:43 __main__ - DEBUG - sucessful film get request for film: /film/shutter-island/
21:40:43 __main__ - DEBUG - sucessful film get request for film: /film/the-matrix/
21:40:43 __main__ - DEBUG - sucessful film get request for film: /film/se7en/
21:40:43 __main__ - DEBUG - sucessful film get request for film: /film/whiplash/
21:40:43 __main__ - DEBUG - sucessful film get request for film: /film/parasite-2019/
21:40:43 __main__ - DEBUG - sucessful film get request for film: /film/dune-2021/
21:40:43 __main__ - DEBUG - sucessful film get request for film: /film/dune-part-two/
21:40:43 __main__ - DEBUG - sucessful film get request for film: /film/spirited-away/
21:40:43 __main__ - DEBUG - sucessful film get request for film: /film/your-name/
21:40:43 __main__ - DEBUG - sucessful film get request for film: /film/oldboy/
21:40:43 __main__ - DEBUG - sucessful film get request for film: /film/american-psycho/
21:40:43 __main__ - DEBUG - sucessful film get request for film: /film/whiplash/
21:40:43 __main__ - DEBUG - sucessful film get request for film: /film/its-a-wonderful-life/
21:40:43 __main__ - DEBUG - sucessful film get request for film: /film/whiplash/
21:40:43 __main__ - DEBUG - sucessful film get request for film: /film/the-social-network/
21:40:43 __main__ - DEBUG - sucessful film get request for film: /film/gladiator/
21:40:43 __main__ - DEBUG - sucessful film get request for film: /film/whiplash/
21:40:43 __main__ - DEBUG - sucessful film get request for film: /film/joker/
21:40:43 __main__ - DEBUG - sucessful film get request for film: /film/avengers-endgame/
21:40:43 __main__ - DEBUG - sucessful film get request for film: /film/the-lord-of-the-rings-the-fellowship-of-the-ring/
21:40:43 __main__ - DEBUG - sucessful film get request for film: /film/the-lord-of-the-rings-the-two-towers/
21:40:43 __main__ - DEBUG - sucessful film get request for film: /film/the-lord-of-the-rings-the-return-of-the-king/
21:40:43 __main__ - DEBUG - sucessful film get request for film: /film/harry-potter-and-the-prisoner-of-azkaban/
21:40:43 __main__ - DEBUG - sucessful film get request for film: /film/harry-potter-and-the-goblet-of-fire/
21:40:43 __main__ - DEBUG - sucessful film get request for film: /film/harry-potter-and-the-deathly-hallows-part-2/
21:40:43 __main__ - DEBUG - sucessful film get request for film: /film/the-shining/
21:40:43 __main__ - DEBUG - sucessful film get request for film: /film/alien/
21:40:43 __main__ - DEBUG - sucessful film get request for film: /film/blade-runner-2049/
21:41:11 __main__ - DEBUG - sucessful watchlist get request for user: majkelos3
21:41:11 __main__ - DEBUG - sucessful film get request for film: /film/grave-of-the-fireflies/
21:41:11 __main__ - DEBUG - sucessful film get request for film: /film/parasite/
21:41:11 __main__ - DEBUG - sucessful film get request for film: /film/interstellar/
21:41:11 __main__ - DEBUG - sucessful film get request for film: /film/fight-club/
21:41:11 __main__ - DEBUG - sucessful film get request for film: /film/inception/
21:41:11 __main__ - DEBUG - sucessful film get request for film: /film/the-godfather/
21:41:11 __main__ - DEBUG - sucessful film get request for film: /film/the-godfather-part-ii/
21:41:11 __main__ - DEBUG - sucessful film get request for film: /film/pulp-fiction/
21:41:11 __main__ - DEBUG - sucessful film get request for film: /film/the-dark-knight/
21:41:11 __main__ - DEBUG - sucessful film get request for film: /film/forrest-gump/
21:41:11 __main__ - DEBUG - sucessful film get request for film: /film/shutter-island/
21:41:11 __main__ - DEBUG - sucessful film get request for film: /film/the-matrix/
21:41:11 __main__ - DEBUG - sucessful film get request for film: /film/se7en/
21:41:11 __main__ - DEBUG - sucessful film get request for film: /film/whiplash/
21:41:11 __main__ - DEBUG - sucessful film get request for film: /film/parasite-2019/
21:41:11 __main__ - DEBUG - sucessful film get request for film: /film/dune-2021/
21:41:11 __main__ - DEBUG - sucessful film get request for film: /film/dune-part-two/
21:41:11 __main__ - DEBUG - sucessful film get request for film: /film/spirited-away/
21:41:11 __main__ - DEBUG - sucessful film get request for film: /film/your-name/
21:41:11 __main__ - DEBUG - sucessful film get request for film: /film/oldboy/
21:41:11 __main__ - DEBUG - sucessful film get request for film: /film/american-psycho/
21:41:11 __main__ - DEBUG - sucessful film get request for film: /film/whiplash/
21:41:11 __main__ - DEBUG - sucessful film get request for film: /film/its-a-wonderful-life/
21:41:11 __main__ - DEBUG - sucessful film get request for film: /film/whiplash/
21:41:11 __main__ - DEBUG - sucessful film get request for film: /film/the-social-network/
21:41:11 __main__ - DEBUG - sucessful film get request for film: /film/gladiator/
21:41:11 __main__ - DEBUG - sucessful film get request for film: /film/whiplash/
21:41:11 __main__ - DEBUG - sucessful film get request for film: /film/joker/
21:41:11 __main__ - DEBUG - sucessful film get request for film: /film/avengers-endgame/
21:41:11 __main__ - DEBUG - sucessful film get request for film: /film/the-lord-of-the-rings-the-fellowship-of-the-ring/
21:41:11 __main__ - DEBUG - sucessful film get request for film: /film/the-lord-of-the-rings-the-two-towers/
21:41:11 __main__ - DEBUG - sucessful film get request for film: /film/the-lord-of-the-rings-the-return-of-the-king/
21:41:11 __main__ - DEBUG - sucessful film get request for film: /film/harry-potter-and-the-prisoner-of-azkaban/
21:41:11 __main__ - DEBUG - sucessful film get request for film: /film/harry-potter-and-the-goblet-of-fire/
21:41:11 __main__ - DEBUG - sucessful film get request for film: /film/harry-potter-and-the-deathly-hallows-part-2/
21:41:11 __main__ - DEBUG - sucessful film get request for film: /film/the-shining/
21:41:11 __main__ - DEBUG - sucessful film get request for film: /film/alien/
21:41:11 __main__ - DEBUG - sucessful film get request for film: /film/blade-runner-2049/
21:41:39 __main__ - DEBUG - sucessful watchlist get request for user: majkelos3
21:41:39 __main__ - DEBUG - sucessful film get request for film: /film/grave-of-the-fireflies/
21:41:39 __main__ - DEBUG - sucessful film get request for film: /film/parasite/
21:41:39 __main__ - DEBUG - sucessful film get request for film: /film/interstellar/
21:41:39 __main__ - DEBUG - sucessful film get request for film: /film/fight-club/
21:41:39 __main__ - DEBUG - sucessful film get request for film: /film/inception/
21:41:39 __main__ - DEBUG - sucessful film get request for film: /film/the-godfather/
21:41:39 __main__ - DEBUG - sucessful film get request for film: /film/the-godfather-part-ii/
21:41:39 __main__ - DEBUG - sucessful film get request for film: /film/pulp-fiction/
21:41:39 __main__ - DEBUG - sucessful film get request for film: /film/the-dark-knight/
21:41:39 __main__ - DEBUG - sucessful film get request for film: /film/forrest-gump/
21:41:39 __main__ - DEBUG - sucessful film get request for film: /film/shutter-island/
21:41:39 __main__ - DEBUG - sucessful film get request for film: /film/the-matrix/
21:41:39 __main__ - DEBUG - sucessful film get request for film: /film/se7en/
21:41:39 __main__ - DEBUG - sucessful film get request for film: /film/whiplash/
21:41:39 __main__ - DEBUG - sucessful film get request for film: /film/parasite-2019/
21:41:39 __main__ - DEBUG - sucessful film get request for film: /film/dune-2021/
21:41:39 __main__ - DEBUG - sucessful film get request for film: /film/dune-part-two/
21:41:39 __main__ - DEBUG - sucessful film get request for film: /film/spirited-away/
21:41:39 __main__ - DEBUG - sucessful film get request for film: /film/your-name/
21:41:39 __main__ - DEBUG - sucessful film get request for film: /film/oldboy/
21:41:39 __main__ - DEBUG - sucessful film get request for film: /film/american-psycho/
21:41:39 __main__ - DEBUG - sucessful film get request for film: /film/whiplash/
21:41:39 __main__ - DEBUG - sucessful film get request for film: /film/its-a-wonderful-life/
21:41:39 __main__ - DEBUG - sucessful film get request for film: /film/whiplash/
21:41:39 __main__ - DEBUG - sucessful film get request for film: /film/the-social-network/
21:41:39 __main__ - DEBUG - sucessful film get request for film: /film/gladiator/
21:41:39 __main__ - DEBUG - sucessful film get request for film: /film/whiplash/
21:41:39 __main__ - DEBUG - sucessful film get request for film: /film/joker/
21:41:39 __main__ - DEBUG - sucessful film get request for film: /film/avengers-endgame/
21:41:39 __main__ - DEBUG - sucessful film get request for film: /film/the-lord-of-the-rings-the-fellowship-of-the-ring/
21:41:39 __main__ - DEBUG - sucessful film get request for film: /film/the-lord-of-the-rings-the-two-towers/
21:41:39 __main__ - DEBUG - sucessful film get request for film: /film/the-lord-of-the-rings-the-return-of-the-king/
21:41:39 __main__ - DEBUG - sucessful film get request for film: /film/harry-potter-and-the-prisoner-of-azkaban/
21:41:39 __main__ - DEBUG - sucessful film get request for film: /film/harry-potter-and-the-goblet-of-fire/
21:41:39 __main__ - DEBUG - sucessful film get request for film: /film/harry-potter-and-the-deathly-hallows-part-2/
21:41:39 __main__ - DEBUG - sucessful film get request for film: /film/the-shining/
21:41:39 __main__ - DEBUG - sucessful film get request for film: /film/alien/
21:41:39 __main__ - DEBUG - sucessful film get request for film: /film/blade-runner-2049/
21:47:07 __main__ - ERROR - watchlist get request ended with code: 403 for user: majkelos3
21:47:07 __main__ - DEBUG - sucessful watchlist get request for user: majkelos3
21:47:07 __main__ - DEBUG - sucessful film get request for film: /film/grave-of-the-fireflies/
21:47:07 __main__ - DEBUG - sucessful film get request for film: /film/parasite/
21:47:07 __main__ - DEBUG - sucessful film get request for film: /film/interstellar/
21:47:07 __main__ - DEBUG - sucessful film get request for film: /film/fight-club/
21:47:07 __main__ - DEBUG - sucessful film get request for film: /film/inception/
21:47:07 __main__ - DEBUG - sucessful film get request for film: /film/the-godfather/
21:47:07 __main__ - DEBUG - sucessful film get request for film: /film/the-godfather-part-ii/
21:47:07 __main__ - DEBUG - sucessful film get request for film: /film/pulp-fiction/
21:47:07 __main__ - DEBUG - sucessful film get request for film: /film/the-dark-knight/
21:47:07 __main__ - DEBUG - sucessful film get request for film: /film/forrest-gump/
21:47:07 __main__ - DEBUG - sucessful film get request for film: /film/shutter-island/
21:47:07 __main__ - DEBUG - sucessful film get request for film: /film/the-matrix/
21:47:07 __main__ - DEBUG - sucessful film get request for film: /film/se7en/
21:47:07 __main__ - DEBUG - sucessful film get request for film: /film/whiplash/
21:47:07 __main__ - DEBUG - sucessful film get request for film: /film/parasite-2019/
21:47:07 __main__ - DEBUG - sucessful film get request for film: /film/dune-2021/
21:47:07 __main__ - DEBUG - sucessful film get request for film: /film/dune-part-two/
21:47:07 __main__ - DEBUG - sucessful film get request for film: /film/spirited-away/
21:47:07 __main__ - DEBUG - sucessful film get request for film: /film/your-name/
21:47:07 __main__ - DEBUG - sucessful film get request for film: /film/oldboy/
21:47:07 __main__ - DEBUG - sucessful film get request for film: /film/american-psycho/
21:47:07 __main__ - DEBUG - sucessful film get request for film: /film/whiplash/
21:47:07 __main__ - DEBUG - sucessful film get request for film: /film/its-a-wonderful-life/
21:47:07 __main__ - DEBUG - sucessful film get request for film: /film/whiplash/
21:47:07 __main__ - DEBUG - sucessful film get request for film: /film/the-social-network/
21:47:07 __main__ - DEBUG - sucessful film get request for film: /film/gladiator/
21:47:07 __main__ - DEBUG - sucessful film get request for film: /film/whiplash/
21:47:07 __main__ - DEBUG - sucessful film get request for film: /film/joker/
21:47:07 __main__ - DEBUG - sucessful film get request for film: /film/avengers-endgame/
21:47:07 __main__ - DEBUG - sucessful film get request for film: /film/the-lord-of-the-rings-the-fellowship-of-the-ring/
21:47:07 __main__ - DEBUG - sucessful film get request for film: /film/the-lord-of-the-rings-the-two-towers/
21:47:07 __main__ - DEBUG - sucessful film get request for film: /film/the-lord-of-the-rings-the-return-of-the-king/
21:47:07 __main__ - DEBUG - sucessful film get request for film: /film/harry-potter-and-the-prisoner-of-azkaban/
21:47:07 __main__ - DEBUG - sucessful film get request for film: /film/harry-potter-and-the-goblet-of-fire/
21:47:07 __main__ - DEBUG - sucessful film get request for film: /film/harry-potter-and-the-deathly-hallows-part-2/
21:47:07 __main__ - DEBUG - sucessful film get request for film: /film/the-shining/
21:47:07 __main__ - DEBUG - sucessful film get request for film: /film/alien/
21:47:07 __main__ - DEBUG - sucessful film get request for film: /film/blade-runner-2049/
21:47:30 __main__ - DEBUG - sucessful watchlist get request for user: majkelos3
21:47:30 __main__ - DEBUG - sucessful film get request for film: /film/grave-of-the-fireflies/
21:47:30 __main__ - DEBUG - sucessful film get request for film: /film/parasite/
21:47:30 __main__ - DEBUG - sucessful film get request for film: /film/interstellar/
21:47:30 __main__ - DEBUG - sucessful film get request for film: /film/fight-club/
21:47:30 __main__ - DEBUG - sucessful film get request for film: /film/inception/
21:47:30 __main__ - DEBUG - sucessful film get request for film: /film/the-godfather/
21:47:30 __main__ - DEBUG - sucessful film get request for film: /film/the-godfather-part-ii/
21:47:30 __main__ - DEBUG - sucessful film get request for film: /film/pulp-fiction/
21:47:30 __main__ - DEBUG - sucessful film get request for film: /film/the-dark-knight/
21:47:30 __main__ - DEBUG - sucessful film get request for film: /film/forrest-gump/
21:47:30 __main__ - DEBUG - sucessful film get request for film: /film/shutter-island/
21:47:30 __main__ - DEBUG - sucessful film get request for film: /film/the-matrix/
21:47:30 __main__ - DEBUG - sucessful film get request for film: /film/se7en/
21:47:30 __main__ - DEBUG - sucessful film get request for film: /film/whiplash/
21:47:30 __main__ - DEBUG - sucessful film get request for film: /film/parasite-2019/
21:47:30 __main__ - DEBUG - sucessful film get request for film: /film/dune-2021/
21:47:30 __main__ - DEBUG - sucessful film get request for film: /film/dune-part-two/
21:47:30 __main__ - DEBUG - sucessful film get request for film: /film/spirited-away/
21:47:30 __main__ - DEBUG - sucessful film get request for film: /film/your-name/
21:47:30 __main__ - DEBUG - sucessful film get request for film: /film/oldboy/
21:47:30 __main__ - DEBUG - sucessful film get request for film: /film/american-psycho/
21:47:30 __main__ - DEBUG - sucessful film get request for film: /film/whiplash/
21:47:30 __main__ - DEBUG - sucessful film get request for film: /film/its-a-wonderful-life/
21:47:30 __main__ - DEBUG - sucessful film get request for film: /film/whiplash/
21:47:30 __main__ - DEBUG - sucessful film get request for film: /film/the-social-network/
21:47:30 __main__ - DEBUG - sucessful film get request for film: /film/gladiator/
21:47:30 __main__ - DEBUG - sucessful film get request for film: /film/whiplash/
21:47:30 __main__ - DEBUG - sucessful film get request for film: /film/joker/
21:54:32 __main__ - ERROR - watchlist get request ended with code: 403 for user: majkelos3
21:54:32 __main__ - DEBUG - sucessful watchlist get request for user: majkelos3
21:54:32 __main__ - DEBUG - sucessful film get request for film: /film/grave-of-the-fireflies/
21:54:32 __main__ - DEBUG - sucessful film get request for film: /film/parasite/
21:54:32 __main__ - DEBUG - sucessful film get request for film: /film/interstellar/
21:54:32 __main__ - DEBUG - sucessful film get request for film: /film/fight-club/
21:54:32 __main__ - DEBUG - sucessful film get request for film: /film/inception/
21:54:32 __main__ - DEBUG - sucessful film get request for film: /film/the-godfather/
21:54:32 __main__ - DEBUG - sucessful film get request for film: /film/the-godfather-part-ii/
21:54:32 __main__ - DEBUG - sucessful film get request for film: /film/pulp-fiction/
21:54:32 __main__ - DEBUG - sucessful film get request for film: /film/the-dark-knight/
21:54:32 __main__ - DEBUG - sucessful film get request for film: /film/forrest-gump/
21:54:32 __main__ - DEBUG - sucessful film get request for film: /film/shutter-island/
21:54:32 __main__ - DEBUG - sucessful film get request for film: /film/the-matrix/
21:54:32 __main__ - DEBUG - sucessful film get request for film: /film/se7en/
21:54:32 __main__ - DEBUG - sucessful film get request for film: /film/whiplash/
21:54:32 __main__ - DEBUG - sucessful film get request for film: /film/parasite-2019/
21:54:32 __main__ - DEBUG - sucessful film get request for film: /film/dune-2021/
21:54:32 __main__ - DEBUG - sucessful film get request for film: /film/dune-part-two/
21:54:32 __main__ - DEBUG - sucessful film get request for film: /film/spirited-away/
21:54:32 __main__ - DEBUG - sucessful film get request for film: /film/your-name/
21:54:32 __main__ - DEBUG - sucessful film get request for film: /film/oldboy/
21:54:32 __main__ - DEBUG - sucessful film get request for film: /film/american-psycho/
21:54:32 __main__ - DEBUG - sucessful film get request for film: /film/whiplash/
21:54:32 __main__ - DEBUG - sucessful film get request for film: /film/its-a-wonderful-life/
21:54:32 __main__ - DEBUG - sucessful film get request for film: /film/whiplash/
21:54:32 __main__ - DEBUG - sucessful film get request for film: /film/the-social-network/
21:54:32 __main__ - DEBUG - sucessful film get request for film: /film/gladiator/
21:54:32 __main__ - DEBUG - sucessful film get request for film: /film/whiplash/
21:54:32 __main__ - DEBUG - sucessful film get request for film: /film/joker/
21:54:47 __main__ - ERROR - watchlist get request ended with code: 403 for user: majkelos3
21:54:47 __main__ - DEBUG - sucessful watchlist get request for user: majkelos3
21:54:47 __main__ - DEBUG - sucessful film get request for film: /film/grave-of-the-fireflies/
21:54:47 __main__ - DEBUG - sucessful film get request for film: /film/parasite/
21:54:47 __main__ - DEBUG - sucessful film get request for film: /film/interstellar/
21:54:47 __main__ - DEBUG - sucessful film get request for film: /film/fight-club/
21:54:47 __main__ - DEBUG - sucessful film get request for film: /film/inception/
21:54:47 __main__ - DEBUG - sucessful film get request for film: /film/the-godfather/
21:54:47 __main__ - DEBUG - sucessful film get request for film: /film/the-godfather-part-ii/
21:54:47 __main__ - DEBUG - sucessful film get request for film: /film/pulp-fiction/
21:54:47 __main__ - DEBUG - sucessful film get request for film: /film/the-dark-knight/
21:54:47 __main__ - DEBUG - sucessful film get request for film: /film/forrest-gump/
21:54:47 __main__ - DEBUG - sucessful film get request for film: /film/shutter-island/
21:54:47 __main__ - DEBUG - sucessful film get request for film: /film/the-matrix/
21:54:47 __main__ - DEBUG - sucessful film get request for film: /film/se7en/
21:54:47 __main__ - DEBUG - sucessful film get request for film: /film/whiplash/
21:54:47 __main__ - DEBUG - sucessful film get request for film: /film/parasite-2019/
21:54:47 __main__ - DEBUG - sucessful film get request for film: /film/dune-2021/
21:54:47 __main__ - DEBUG - sucessful film get request for film: /film/dune-part-two/
21:54:47 __main__ - DEBUG - sucessful film get request for film: /film/spirited-away/
21:54:47 __main__ - DEBUG - sucessful film get request for film: /film/your-name/
21:54:47 __main__ - DEBUG - sucessful film get request for film: /film/oldboy/
21:54:47 __main__ - DEBUG - sucessful film get request for film: /film/american-psycho/
21:54:47 __main__ - DEBUG - sucessful film get request for film: /film/whiplash/
21:54:47 __main__ - DEBUG - sucessful film get request for film: /film/its-a-wonderful-life/
21:54:47 __main__ - DEBUG - sucessful film get request for film: /film/whiplash/
21:54:47 __main__ - DEBUG - sucessful film get request for film: /film/the-social-network/
21:54:47 __main__ - DEBUG - sucessful film get request for film: /film/gladiator/
21:54:47 __main__ - DEBUG - sucessful film get request for film: /film/whiplash/
21:54:47 __main__ - DEBUG - sucessful film get request for film: /film/joker/
22:31:15 __main__ - DEBUG - sucessful watchlist get request for user: majkelos3
22:31:15 __main__ - DEBUG - sucessful film get request for film: /film/grave-of-the-fireflies/
22:31:15 __main__ - DEBUG - sucessful film get request for film: /film/parasite/
22:31:15 __main__ - DEBUG - sucessful film get request for film: /film/interstellar/
22:31:15 __main__ - DEBUG - sucessful film get request for film: /film/fight-club/
22:31:15 __main__ - DEBUG - sucessful film get request for film: /film/inception/
22:31:15 __main__ - DEBUG - sucessful film get request for film: /film/the-godfather/
22:31:15 __main__ - DEBUG - sucessful film get request for film: /film/the-godfather-part-ii/
22:31:15 __main__ - DEBUG - sucessful film get request for film: /film/pulp-fiction/
22:31:15 __main__ - DEBUG - sucessful film get request for film: /film/the-dark-knight/
22:31:15 __main__ - DEBUG - sucessful film get request for film: /film/forrest-gump/
22:31:15 __main__ - DEBUG - sucessful film get request for film: /film/shutter-island/
22:31:15 __main__ - DEBUG - sucessful film get request for film: /film/the-matrix/
22:31:15 __main__ - DEBUG - sucessful film get request for film: /film/se7en/
22:31:15 __main__ - DEBUG - sucessful film get request for film: /film/whiplash/
22:31:15 __main__ - DEBUG - sucessful film get request for film: /film/parasite-2019/
22:31:15 __main__ - DEBUG - sucessful film get request for film: /film/dune-2021/
22:31:15 __main__ - DEBUG - sucessful film get request for film: /film/dune-part-two/
22:31:15 __main__ - DEBUG - sucessful film get request for film: /film/spirited-away/
22:31:15 __main__ - DEBUG - sucessful film get request for film: /film/your-name/
22:31:15 __main__ - DEBUG - sucessful film get request for film: /film/oldboy/
22:31:15 __main__ - DEBUG - sucessful film get request for film: /film/american-psycho/
22:31:15 __main__ - DEBUG - sucessful film get request for film: /film/whiplash/
22:31:15 __main__ - DEBUG - sucessful film get request for film: /film/its-a-wonderful-life/
22:31:15 __main__ - DEBUG - sucessful film get request for film: /film/whiplash/
22:31:15 __main__ - DEBUG - sucessful film get request for film: /film/the-social-network/
22:31:15 __main__ - DEBUG - sucessful film get request for film: /film/gladiator/
22:31:15 __main__ - DEBUG - sucessful film get request for film: /film/whiplash/
22:31:15 __main__ - DEBUG - sucessful film get request for film: /film/joker/
22:32:07 __main__ - ERROR - watchlist get request ended with code: 403 for user: majkelos3
22:32:07 __main__ - DEBUG - sucessful watchlist get request for user: majkelos3
22:32:07 __main__ - DEBUG - sucessful film get request for film: /film/grave-of-the-fireflies/
22:32:07 __main__ - DEBUG - sucessful film get request for film: /film/parasite/
22:32:07 __main__ - DEBUG - sucessful film get request for film: /film/interstellar/
22:32:07 __main__ - DEBUG - sucessful film get request for film: /film/fight-club/
22:32:07 __main__ - DEBUG - sucessful film get request for film: /film/inception/
22:32:07 __main__ - DEBUG - sucessful film get request for film: /film/the-godfather/
22:32:07 __main__ - DEBUG - sucessful film get request for film: /film/the-godfather-part-ii/
22:32:07 __main__ - DEBUG - sucessful film get request for film: /film/pulp-fiction/
22:32:07 __main__ - DEBUG - sucessful film get request for film: /film/the-dark-knight/
22:32:07 __main__ - DEBUG - sucessful film get request for film: /film/forrest-gump/
22:32:07 __main__ - DEBUG - sucessful film get request for film: /film/shutter-island/
22:32:07 __main__ - DEBUG - sucessful film get request for film: /film/the-matrix/
22:32:07 __main__ - DEBUG - sucessful film get request for film: /film/se7en/
22:32:07 __main__ - DEBUG - sucessful film get request for film: /film/whiplash/
22:32:07 __main__ - DEBUG - sucessful film get request for film: /film/parasite-2019/
22:32:07 __main__ - DEBUG - sucessful film get request for film: /film/dune-2021/
22:32:07 __main__ - DEBUG - sucessful film get request for film: /film/dune-part-two/
22:32:07 __main__ - DEBUG - sucessful film get request for film: /film/spirited-away/
22:32:07 __main__ - DEBUG - sucessful film get request for film: /film/your-name/
22:32:07 __main__ - DEBUG - sucessful film get request for film: /film/oldboy/
22:32:07 __main__ - DEBUG - sucessful film get request for film: /film/american-psycho/
22:32:07 __main__ - DEBUG - sucessful film get request for film: /film/whiplash/
22:32:07 __main__ - DEBUG - sucessful film get request for film: /film/its-a-wonderful-life/
22:32:07 __main__ - DEBUG - sucessful film get request for film: /film/whiplash/
22:32:07 __main__ - DEBUG - sucessful film get request for film: /film/the-social-network/
22:32:07 __main__ - DEBUG - sucessful film get request for film: /film/gladiator/
22:32:07 __main__ - DEBUG - sucessful film get request for film: /film/whiplash/
22:32:07 __main__ - DEBUG - sucessful film get request for film: /film/joker/
22:32:29 __main__ - ERROR - watchlist get request ended with code: 403 for user: majkelos3
22:32:29 __main__ - DEBUG - sucessful watchlist get request for user: majkelos3
22:32:29 __main__ - DEBUG - sucessful film get request for film: /film/grave-of-the-fireflies/
22:32:29 __main__ - DEBUG - sucessful film get request for film: /film/parasite/
22:32:29 __main__ - DEBUG - sucessful film get request for film: /film/interstellar/
22:32:29 __main__ - DEBUG - sucessful film get request for film: /film/fight-club/
22:32:29 __main__ - DEBUG - sucessful film get request for film: /film/inception/
22:32:29 __main__ - DEBUG - sucessful film get request for film: /film/the-godfather/
22:32:29 __main__ - DEBUG - sucessful film get request for film: /film/the-godfather-part-ii/
22:32:29 __main__ - DEBUG - sucessful film get request for film: /film/pulp-fiction/
22:32:34 __main__ - ERROR - watchlist get request ended with code: 403 for user: majkelos3
22:32:34 __main__ - DEBUG - sucessful watchlist get request for user: majkelos3
22:32:34 __main__ - DEBUG - sucessful film get request for film: /film/grave-of-the-fireflies/
22:32:34 __main__ - DEBUG - sucessful film get request for film: /film/parasite/
22:32:34 __main__ - DEBUG - sucessful film get request for film: /film/interstellar/
22:32:34 __main__ - DEBUG - sucessful film get request for film: /film/fight-club/
22:32:34 __main__ - DEBUG - sucessful film get request for film: /film/inception/
22:32:34 __main__ - DEBUG - sucessful film get request for film: /film/the-godfather/
22:32:34 __main__ - DEBUG - sucessful film get request for film: /film/the-godfather-part-ii/
22:32:34 __main__ - DEBUG - sucessful film get request for film: /film/pulp-fiction/
22:32:34 __main__ - DEBUG - sucessful film get request for film: /film/the-dark-knight/
22:32:34 __main__ - DEBUG - sucessful film get request for film: /film/forrest-gump/
22:32:34 __main__ - DEBUG - sucessful film get request for film: /film/shutter-island/
22:32:34 __main__ - DEBUG - sucessful film get request for film: /film/the-matrix/
22:32:34 __main__ - DEBUG - sucessful film get request for film: /film/se7en/
22:32:34 __main__ - DEBUG - sucessful film get request for film: /film/whiplash/
22:32:34 __main__ - DEBUG - sucessful film get request for film: /film/parasite-2019/
22:32:34 __main__ - DEBUG - sucessful film get request for film: /film/dune-2021/
22:32:34 __main__ - DEBUG - sucessful film get request for film: /film/dune-part-two/
22:32:34 __main__ - DEBUG - sucessful film get request for film: /film/spirited-away/
22:32:34 __main__ - DEBUG - sucessful film get request for film: /film/your-name/
22:32:34 __main__ - DEBUG - sucessful film get request for film: /film/oldboy/
22:32:34 __main__ - DEBUG - sucessful film get request for film: /film/american-psycho/
22:32:34 __main__ - DEBUG - sucessful film get request for film: /film/whiplash/
22:32:34 __main__ - DEBUG - sucessful film get request for film: /film/its-a-wonderful-life/
22:32:34 __main__ - DEBUG - sucessful film get request for film: /film/whiplash/
22:32:34 __main__ - DEBUG - sucessful film get request for film: /film/the-social-network/
22:32:34 __main__ - DEBUG - sucessful film get request for film: /film/gladiator/
22:32:34 __main__ - DEBUG - sucessful film get request for film: /film/whiplash/
22:32:34 __main__ - DEBUG - sucessful film get request for film: /film/joker/
22:33:03 __main__ - DEBUG - sucessful watchlist get request for user: majkelos3
22:33:03 __main__ - DEBUG - sucessful film get request for film: /film/grave-of-the-fireflies/
22:33:03 __main__ - DEBUG - sucessful film get request for film: /film/parasite/
22:33:03 __main__ - DEBUG - sucessful film get request for film: /film/interstellar/
22:33:03 __main__ - DEBUG - sucessful film get request for film: /film/fight-club/
22:33:03 __main__ - DEBUG - sucessful film get request for film: /film/inception/
22:33:03 __main__ - DEBUG - sucessful film get request for film: /film/the-godfather/
22:33:03 __main__ - DEBUG - sucessful film get request for film: /film/the-godfather-part-ii/
22:33:03 __main__ - DEBUG - sucessful film get request for film: /film/pulp-fiction/
22:33:03 __main__ - DEBUG - sucessful film get request for film: /film/the-dark-knight/
22:33:03 __main__ - DEBUG - sucessful film get request for film: /film/forrest-gump/
22:33:03 __main__ - DEBUG - sucessful film get request for film: /film/shutter-island/
22:33:03 __main__ - DEBUG - sucessful film get request for film: /film/the-matrix/
22:33:03 __main__ - DEBUG - sucessful film get request for film: /film/se7en/
22:33:03 __main__ - DEBUG - sucessful film get request for film: /film/whiplash/
22:33:03 __main__ - DEBUG - sucessful film get request for film: /film/parasite-2019/
22:33:03 __main__ - DEBUG - sucessful film get request for film: /film/dune-2021/
22:33:03 __main__ - DEBUG - sucessful film get request for film: /film/dune-part-two/
22:33:03 __main__ - DEBUG - sucessful film get request for film: /film/spirited-away/
22:33:03 __main__ - DEBUG - sucessful film get request for film: /film/your-name/
22:33:03 __main__ - DEBUG - sucessful film get request for film: /film/oldboy/
22:33:03 __main__ - DEBUG - sucessful film get request for film: /film/american-psycho/
22:33:03 __main__ - DEBUG - sucessful film get request for film: /film/whiplash/
22:33:03 __main__ - DEBUG - sucessful film get request for film: /film/its-a-wonderful-life/
22:33:03 __main__ - DEBUG - sucessful film get request for film: /film/whiplash/
22:33:03 __main__ - DEBUG - sucessful film get request for film: /film/the-social-network/
22:33:03 __main__ - DEBUG - sucessful film get request for film: /film/gladiator/
22:33:03 __main__ - DEBUG - sucessful film get request for film: /film/whiplash/
22:33:03 __main__ - DEBUG - sucessful film get request for film: /film/joker/
22:33:57 __main__ - ERROR - watchlist get request ended with code: 403 for user: majkelos3
22:33:57 __main__ - DEBUG - sucessful watchlist get request for user: majkelos3
22:33:57 __main__ - DEBUG - sucessful film get request for film: /film/grave-of-the-fireflies/
22:33:57 __main__ - DEBUG - sucessful film get request for film: /film/parasite/
22:33:57 __main__ - DEBUG - sucessful film get request for film: /film/interstellar/
22:33:57 __main__ - DEBUG - sucessful film get request for film: /film/fight-club/
22:33:57 __main__ - DEBUG - sucessful film get request for film: /film/inception/
22:33:57 __main__ - ERROR - film get request ended with code: 429 for movie: /film/the-godfather/
22:33:57 __main__ - DEBUG - sucessful film get request for film: /film/the-godfather/
22:33:57 __main__ - ERROR - film get request ended with code: 429 for movie: /film/the-godfather-part-ii/
22:33:57 __main__ - DEBUG - sucessful film get request for film: /film/the-godfather-part-ii/
22:33:57 __main__ - ERROR - film get request ended with code: 429 for movie: /film/pulp-fiction/
22:33:57 __main__ - DEBUG - sucessful film get request for film: /film/pulp-fiction/
22:33:57 __main__ - ERROR - film get request ended with code: 429 for movie: /film/the-dark-knight/
22:33:57 __main__ - DEBUG - sucessful film get request for film: /film/the-dark-knight/
22:33:57 __main__ - ERROR - film get request ended with code: 429 for movie: /film/forrest-gump/
22:33:57 __main__ - DEBUG - sucessful film get request for film: /film/forrest-gump/
22:33:57 __main__ - ERROR - film get request ended with code: 429 for movie: /film/shutter-island/
22:33:57 __main__ - DEBUG - sucessful film get request for film: /film/shutter-island/
22:33:57 __main__ - ERROR - film get request ended with code: 429 for movie: /film/the-matrix/
22:33:57 __main__ - DEBUG - sucessful film get request for film: /film/the-matrix/
22:33:57 __main__ - ERROR - film get request ended with code: 429 for movie: /film/se7en/
22:33:57 __main__ - DEBUG - sucessful film get request for film: /film/se7en/
22:33:57 __main__ - ERROR - film get request ended with code: 429 for movie: /film/whiplash/
22:33:57 __main__ - DEBUG - sucessful film get request for film: /film/whiplash/
22:33:57 __main__ - ERROR - film get request ended with code: 429 for movie: /film/parasite-2019/
22:33:57 __main__ - DEBUG - sucessful film get request for film: /film/parasite-2019/
22:33:57 __main__ - ERROR - film get request ended with code: 429 for movie: /film/dune-2021/
22:33:57 __main__ - DEBUG - sucessful film get request for film: /film/dune-2021/
22:33:57 __main__ - ERROR - film get request ended with code: 429 for movie: /film/dune-part-two/
22:33:57 __main__ - DEBUG - sucessful film get request for film: /film/dune-part-two/
22:33:57 __main__ - ERROR - film get request ended with code: 429 for movie: /film/spirited-away/
22:33:57 __main__ - DEBUG - sucessful film get request for film: /film/spirited-away/
22:33:57 __main__ - ERROR - film get request ended with code: 429 for movie: /film/your-name/
22:33:57 __main__ - DEBUG - sucessful film get request for film: /film/your-name/
22:33:57 __main__ - ERROR - film get request ended with code: 429 for movie: /film/oldboy/
22:33:57 __main__ - DEBUG - sucessful film get request for film: /film/oldboy/
22:33:57 __main__ - ERROR - film get request ended with code: 429 for movie: /film/american-psycho/
22:33:57 __main__ - DEBUG - sucessful film get request for film: /film/american-psycho/
22:33:57 __main__ - ERROR - film get request ended with code: 429 for movie: /film/whiplash/
22:33:57 __main__ - DEBUG - sucessful film get request for film: /film/whiplash/
22:33:57 __main__ - ERROR - film get request ended with code: 429 for movie: /film/its-a-wonderful-life/
22:33:57 __main__ - DEBUG - sucessful film get request for film: /film/its-a-wonderful-life/
22:33:57 __main__ - ERROR - film get request ended with code: 429 for movie: /film/whiplash/
22:33:57 __main__ - DEBUG - sucessful film get request for film: /film/whiplash/
22:33:57 __main__ - ERROR - film get request ended with code: 429 for movie: /film/the-social-network/
22:33:57 __main__ - DEBUG - sucessful film get request for film: /film/the-social-network/
22:33:57 __main__ - ERROR - film get request ended with code: 429 for movie: /film/gladiator/
22:33:57 __main__ - DEBUG - sucessful film get request for film: /film/gladiator/
22:33:57 __main__ - ERROR - film get request ended with code: 429 for movie: /film/whiplash/
22:33:57 __main__ - DEBUG - sucessful film get request for film: /film/whiplash/
22:33:57 __main__ - ERROR - film get request ended with code: 429 for movie: /film/joker/
22:33:57 __main__ - DEBUG - sucessful film get request for film: /film/joker/
22:34:32 __main__ - ERROR - watchlist get request ended with code: 403 for user: majkelos3
22:34:32 __main__ - DEBUG - sucessful watchlist get request for user: majkelos3
22:34:32 __main__ - DEBUG - sucessful film get request for film: /film/grave-of-the-fireflies/
22:34:32 __main__ - DEBUG - sucessful film get request for film: /film/parasite/
22:34:32 __main__ - DEBUG - sucessful film get request for film: /film/interstellar/
22:34:32 __main__ - DEBUG - sucessful film get request for film: /film/fight-club/
22:34:32 __main__ - DEBUG - sucessful film get request for film: /film/inception/
22:34:32 __main__ - DEBUG - sucessful film get request for film: /film/the-godfather/
22:34:32 __main__ - DEBUG - sucessful film get request for film: /film/the-godfather-part-ii/
22:34:32 __main__ - DEBUG - sucessful film get request for film: /film/pulp-fiction/
22:34:32 __main__ - DEBUG - sucessful film get request for film: /film/the-dark-knight/
22:34:32 __main__ - DEBUG - sucessful film get request for film: /film/forrest-gump/
22:34:32 __main__ - DEBUG - sucessful film get request for film: /film/shutter-island/
22:34:32 __main__ - DEBUG - sucessful film get request for film: /film/the-matrix/
22:34:32 __main__ - DEBUG - sucessful film get request for film: /film/se7en/
22:34:32 __main__ - DEBUG - sucessful film get request for film: /film/whiplash/
22:34:32 __main__ - DEBUG - sucessful film get request for film: /film/parasite-2019/
22:34:32 __main__ - DEBUG - sucessful film get request for film: /film/dune-2021/
22:34:32 __main__ - DEBUG - sucessful film get request for film: /film/dune-part-two/
22:34:32 __main__ - DEBUG - sucessful film get request for film: /film/spirited-away/
22:34:32 __main__ - DEBUG - sucessful film get request for film: /film/your-name/
22:34:32 __main__ - DEBUG - sucessful film get request for film: /film/oldboy/
22:34:32 __main__ - DEBUG - sucessful film get request for film: /film/american-psycho/
22:34:32 __main__ - DEBUG - sucessful film get request for film: /film/whiplash/
22:34:32 __main__ - DEBUG - sucessful film get request for film: /film/its-a-wonderful-life/
22:34:32 __main__ - DEBUG - sucessful film get request for film: /film/whiplash/
22:34:32 __main__ - DEBUG - sucessful film get request for film: /film/the-social-network/
22:34:32 __main__ - DEBUG - sucessful film get request for film: /film/gladiator/
22:34:32 __main__ - DEBUG - sucessful film get request for film: /film/whiplash/
22:34:32 __main__ - DEBUG - sucessful film get request for film: /film/joker/
22:34:52 __main__ - ERROR - watchlist get request ended with code: 403 for user: majkelos3
22:34:52 __main__ - DEBUG - sucessful watchlist get request for user: majkelos3
22:34:52 __main__ - DEBUG - sucessful film get request for film: /film/grave-of-the-fireflies/
22:34:52 __main__ - DEBUG - sucessful film get request for film: /film/parasite/
22:34:52 __main__ - DEBUG - sucessful film get request for film: /film/interstellar/
22:34:52 __main__ - DEBUG - sucessful film get request for film: /film/fight-club/
22:34:52 __main__ - DEBUG - sucessful film get request for film: /film/inception/
22:34:52 __main__ - DEBUG - sucessful film get request for film: /film/the-godfather/
22:34:52 __main__ - DEBUG - sucessful film get request for film: /film/the-godfather-part-ii/
22:34:52 __main__ - DEBUG - sucessful film get request for film: /film/pulp-fiction/
22:34:52 __main__ - DEBUG - sucessful film get request for film: /film/the-dark-knight/
22:34:52 __main__ - DEBUG - sucessful film get request for film: /film/forrest-gump/
22:34:52 __main__ - DEBUG - sucessful film get request for film: /film/shutter-island/
22:34:52 __main__ - DEBUG - sucessful film get request for film: /film/the-matrix/
22:34:52 __main__ - DEBUG - sucessful film get request for film: /film/se7en/
22:34:52 __main__ - DEBUG - sucessful film get request for film: /film/whiplash/
22:34:52 __main__ - DEBUG - sucessful film get request for film: /film/parasite-2019/
22:34:52 __main__ - DEBUG - sucessful film get request for film: /film/dune-2021/
22:34:52 __main__ - DEBUG - sucessful film get request for film: /film/dune-part-two/
22:34:52 __main__ - DEBUG - sucessful film get request for film: /film/spirited-away/
22:34:52 __main__ - DEBUG - sucessful film get request for film: /film/your-name/
22:34:52 __main__ - DEBUG - sucessful film get request for film: /film/oldboy/
22:34:52 __main__ - DEBUG - sucessful film get request for film: /film/american-psycho/
22:34:52 __main__ - DEBUG - sucessful film get request for film: /film/whiplash/
22:34:52 __main__ - DEBUG - sucessful film get request for film: /film/its-a-wonderful-life/
22:34:52 __main__ - DEBUG - sucessful film get request for film: /film/whiplash/
22:34:52 __main__ - DEBUG - sucessful film get request for film: /film/the-social-network/
22:34:52 __main__ - DEBUG - sucessful film get request for film: /film/gladiator/
22:34:52 __main__ - DEBUG - sucessful film get request for film: /film/whiplash/
22:34:52 __main__ - DEBUG - sucessful film get request for film: /film/joker/
